Java HotSpot(TM) 64-Bit Server VM (25.121-b13) for linux-amd64 JRE (1.8.0_121-b13), built on Dec 12 2016 16:36:53 by "java_re" with gcc 4.3.0 20080428 (Red Hat 4.3.0-8)
Memory: 4k page, physical 1004608k(271448k free), swap 4095992k(3880460k free)
CommandLine flags: -XX:+DisableExplicitGC -XX:InitialHeapSize=1073741824 -XX:InitiatingHeapOccupancyPercent=35 -XX:+ManagementServer -XX:MaxGCPauseMillis=20 -XX:MaxHeapSize=1073741824 -XX:+PrintGC -XX:+PrintGCDateStamps -XX:+PrintGCDetails -XX:+PrintGCTimeStamps -XX:+UseCompressedClassPointers -XX:+UseCompressedOops -XX:+UseG1GC 
2017-05-23T18:07:11.386+0800: 1.549: [GC pause (G1 Evacuation Pause) (young), 0.0096572 secs]
   [Parallel Time: 7.1 ms, GC Workers: 1]
      [GC Worker Start (ms):  1549.0]
      [Ext Root Scanning (ms):  2.1]
      [Update RS (ms):  0.0]
         [Processed Buffers:  0]
      [Scan RS (ms):  0.0]
      [Code Root Scanning (ms):  0.3]
      [Object Copy (ms):  4.6]
      [Termination (ms):  0.0]
         [Termination Attempts:  1]
      [GC Worker Other (ms):  0.0]
      [GC Worker Total (ms):  7.1]
      [GC Worker End (ms):  1556.0]
   [Code Root Fixup: 0.1 ms]
   [Code Root Purge: 0.0 ms]
   [Clear CT: 0.0 ms]
   [Other: 2.4 ms]
      [Choose CSet: 0.0 ms]
      [Ref Proc: 2.1 ms]
      [Ref Enq: 0.0 ms]
      [Redirty Cards: 0.0 ms]
      [Humongous Register: 0.1 ms]
      [Humongous Reclaim: 0.0 ms]
      [Free CSet: 0.0 ms]
   [Eden: 51.0M(51.0M)->0.0B(44.0M) Survivors: 0.0B->7168.0K Heap: 51.0M(1024.0M)->7566.5K(1024.0M)]
 [Times: user=0.01 sys=0.00, real=0.01 secs] 
2017-05-23T18:07:12.336+0800: 2.498: [GC pause (G1 Evacuation Pause) (young), 0.0269915 secs]
   [Parallel Time: 25.0 ms, GC Workers: 1]
      [GC Worker Start (ms):  2498.6]
      [Ext Root Scanning (ms):  3.0]
      [Update RS (ms):  14.7]
         [Processed Buffers:  1]
      [Scan RS (ms):  0.0]
      [Code Root Scanning (ms):  0.9]
      [Object Copy (ms):  6.4]
      [Termination (ms):  0.0]
         [Termination Attempts:  1]
      [GC Worker Other (ms):  0.0]
      [GC Worker Total (ms):  25.0]
      [GC Worker End (ms):  2523.6]
   [Code Root Fixup: 0.2 ms]
   [Code Root Purge: 0.0 ms]
   [Clear CT: 0.0 ms]
   [Other: 1.7 ms]
      [Choose CSet: 0.0 ms]
      [Ref Proc: 1.3 ms]
      [Ref Enq: 0.0 ms]
      [Redirty Cards: 0.0 ms]
      [Humongous Register: 0.1 ms]
      [Humongous Reclaim: 0.0 ms]
      [Free CSet: 0.1 ms]
   [Eden: 44.0M(44.0M)->0.0B(44.0M) Survivors: 7168.0K->7168.0K Heap: 179.4M(1024.0M)->135.7M(1024.0M)]
 [Times: user=0.01 sys=0.00, real=0.03 secs] 
2017-05-23T18:07:12.603+0800: 2.765: [GC pause (Metadata GC Threshold) (young) (initial-mark), 0.0321352 secs]
   [Parallel Time: 30.8 ms, GC Workers: 1]
      [GC Worker Start (ms):  2765.4]
      [Ext Root Scanning (ms):  22.1]
      [Update RS (ms):  0.0]
         [Processed Buffers:  0]
      [Scan RS (ms):  0.1]
      [Code Root Scanning (ms):  0.8]
      [Object Copy (ms):  7.7]
      [Termination (ms):  0.0]
         [Termination Attempts:  1]
      [GC Worker Other (ms):  0.0]
      [GC Worker Total (ms):  30.7]
      [GC Worker End (ms):  2796.1]
   [Code Root Fixup: 0.5 ms]
   [Code Root Purge: 0.0 ms]
   [Clear CT: 0.0 ms]
   [Other: 0.8 ms]
      [Choose CSet: 0.0 ms]
      [Ref Proc: 0.6 ms]
      [Ref Enq: 0.0 ms]
      [Redirty Cards: 0.0 ms]
      [Humongous Register: 0.0 ms]
      [Humongous Reclaim: 0.0 ms]
      [Free CSet: 0.0 ms]
   [Eden: 18.0M(44.0M)->0.0B(48.0M) Survivors: 7168.0K->3072.0K Heap: 152.8M(1024.0M)->134.2M(1024.0M)]
 [Times: user=0.02 sys=0.01, real=0.03 secs] 
2017-05-23T18:07:12.635+0800: 2.798: [GC concurrent-root-region-scan-start]
2017-05-23T18:07:12.649+0800: 2.811: [GC concurrent-root-region-scan-end, 0.0140036 secs]
2017-05-23T18:07:12.649+0800: 2.812: [GC concurrent-mark-start]
2017-05-23T18:07:12.700+0800: 2.863: [GC concurrent-mark-end, 0.0511523 secs]
2017-05-23T18:07:12.702+0800: 2.865: [GC remark 2017-05-23T18:07:12.702+0800: 2.865: [Finalize Marking, 0.0000612 secs] 2017-05-23T18:07:12.702+0800: 2.865: [GC ref-proc, 0.0000523 secs] 2017-05-23T18:07:12.702+0800: 2.865: [Unloading, 0.0060136 secs], 0.0089072 secs]
 [Times: user=0.01 sys=0.00, real=0.01 secs] 
2017-05-23T18:07:12.711+0800: 2.874: [GC cleanup 137M->137M(1024M), 0.0013408 secs]
 [Times: user=0.00 sys=0.00, real=0.00 secs] 
2017-05-23T18:50:05.224+0800: 2575.386: [GC pause (G1 Evacuation Pause) (young), 0.0433839 secs]
   [Parallel Time: 20.7 ms, GC Workers: 1]
      [GC Worker Start (ms):  2575406.3]
      [Ext Root Scanning (ms):  2.6]
      [Update RS (ms):  10.8]
         [Processed Buffers:  19]
      [Scan RS (ms):  1.0]
      [Code Root Scanning (ms):  0.4]
      [Object Copy (ms):  5.9]
      [Termination (ms):  0.0]
         [Termination Attempts:  1]
      [GC Worker Other (ms):  0.0]
      [GC Worker Total (ms):  20.6]
      [GC Worker End (ms):  2575426.9]
   [Code Root Fixup: 0.1 ms]
   [Code Root Purge: 0.1 ms]
   [Clear CT: 0.0 ms]
   [Other: 22.5 ms]
      [Choose CSet: 0.0 ms]
      [Ref Proc: 0.8 ms]
      [Ref Enq: 0.0 ms]
      [Redirty Cards: 0.0 ms]
      [Humongous Register: 19.7 ms]
      [Humongous Reclaim: 0.0 ms]
      [Free CSet: 0.1 ms]
   [Eden: 48.0M(48.0M)->0.0B(48.0M) Survivors: 3072.0K->3072.0K Heap: 182.2M(1024.0M)->134.2M(1024.0M)]
 [Times: user=0.01 sys=0.00, real=0.05 secs] 
2017-05-23T19:45:28.033+0800: 5898.196: [GC pause (G1 Evacuation Pause) (young), 0.0246748 secs]
   [Parallel Time: 10.3 ms, GC Workers: 1]
      [GC Worker Start (ms):  5898198.3]
      [Ext Root Scanning (ms):  3.1]
      [Update RS (ms):  0.1]
         [Processed Buffers:  12]
      [Scan RS (ms):  0.7]
      [Code Root Scanning (ms):  0.5]
      [Object Copy (ms):  5.7]
      [Termination (ms):  0.0]
         [Termination Attempts:  1]
      [GC Worker Other (ms):  0.0]
      [GC Worker Total (ms):  10.2]
      [GC Worker End (ms):  5898208.5]
   [Code Root Fixup: 0.1 ms]
   [Code Root Purge: 0.0 ms]
   [Clear CT: 0.0 ms]
   [Other: 14.2 ms]
      [Choose CSet: 0.0 ms]
      [Ref Proc: 0.3 ms]
      [Ref Enq: 0.0 ms]
      [Redirty Cards: 0.0 ms]
      [Humongous Register: 2.2 ms]
      [Humongous Reclaim: 0.0 ms]
      [Free CSet: 11.2 ms]
   [Eden: 48.0M(48.0M)->0.0B(48.0M) Survivors: 3072.0K->3072.0K Heap: 182.2M(1024.0M)->134.2M(1024.0M)]
 [Times: user=0.01 sys=0.00, real=0.04 secs] 
2017-05-23T20:39:08.033+0800: 9118.195: [GC pause (G1 Evacuation Pause) (young), 0.0137613 secs]
   [Parallel Time: 10.7 ms, GC Workers: 1]
      [GC Worker Start (ms):  9118197.5]
      [Ext Root Scanning (ms):  3.1]
      [Update RS (ms):  0.4]
         [Processed Buffers:  8]
      [Scan RS (ms):  0.4]
      [Code Root Scanning (ms):  0.6]
      [Object Copy (ms):  6.2]
      [Termination (ms):  0.0]
         [Termination Attempts:  1]
      [GC Worker Other (ms):  0.0]
      [GC Worker Total (ms):  10.7]
      [GC Worker End (ms):  9118208.2]
   [Code Root Fixup: 0.1 ms]
   [Code Root Purge: 0.0 ms]
   [Clear CT: 0.1 ms]
   [Other: 2.9 ms]
      [Choose CSet: 0.0 ms]
      [Ref Proc: 0.4 ms]
      [Ref Enq: 0.0 ms]
      [Redirty Cards: 0.0 ms]
      [Humongous Register: 2.0 ms]
      [Humongous Reclaim: 0.0 ms]
      [Free CSet: 0.1 ms]
   [Eden: 48.0M(48.0M)->0.0B(48.0M) Survivors: 3072.0K->3072.0K Heap: 182.2M(1024.0M)->134.2M(1024.0M)]
 [Times: user=0.01 sys=0.00, real=0.03 secs] 
2017-05-23T21:33:03.033+0800: 12353.196: [GC pause (G1 Evacuation Pause) (young), 0.0097747 secs]
   [Parallel Time: 7.8 ms, GC Workers: 1]
      [GC Worker Start (ms):  12353196.7]
      [Ext Root Scanning (ms):  2.2]
      [Update RS (ms):  0.7]
         [Processed Buffers:  7]
      [Scan RS (ms):  0.0]
      [Code Root Scanning (ms):  0.5]
      [Object Copy (ms):  4.4]
      [Termination (ms):  0.0]
         [Termination Attempts:  1]
      [GC Worker Other (ms):  0.0]
      [GC Worker Total (ms):  7.8]
      [GC Worker End (ms):  12353204.4]
   [Code Root Fixup: 0.1 ms]
   [Code Root Purge: 0.0 ms]
   [Clear CT: 0.1 ms]
   [Other: 1.8 ms]
      [Choose CSet: 0.0 ms]
      [Ref Proc: 0.3 ms]
      [Ref Enq: 0.0 ms]
      [Redirty Cards: 0.0 ms]
      [Humongous Register: 1.0 ms]
      [Humongous Reclaim: 0.0 ms]
      [Free CSet: 0.1 ms]
   [Eden: 48.0M(48.0M)->0.0B(48.0M) Survivors: 3072.0K->3072.0K Heap: 182.2M(1024.0M)->134.2M(1024.0M)]
 [Times: user=0.02 sys=0.00, real=0.03 secs] 
2017-05-23T22:28:44.020+0800: 15694.182: [GC pause (G1 Evacuation Pause) (young), 0.0117568 secs]
   [Parallel Time: 9.5 ms, GC Workers: 1]
      [GC Worker Start (ms):  15694183.6]
      [Ext Root Scanning (ms):  3.2]
      [Update RS (ms):  0.9]
         [Processed Buffers:  7]
      [Scan RS (ms):  0.0]
      [Code Root Scanning (ms):  0.4]
      [Object Copy (ms):  5.0]
      [Termination (ms):  0.0]
         [Termination Attempts:  1]
      [GC Worker Other (ms):  0.0]
      [GC Worker Total (ms):  9.5]
      [GC Worker End (ms):  15694193.0]
   [Code Root Fixup: 0.1 ms]
   [Code Root Purge: 0.0 ms]
   [Clear CT: 0.0 ms]
   [Other: 2.1 ms]
      [Choose CSet: 0.0 ms]
      [Ref Proc: 0.4 ms]
      [Ref Enq: 0.0 ms]
      [Redirty Cards: 0.0 ms]
      [Humongous Register: 1.3 ms]
      [Humongous Reclaim: 0.0 ms]
      [Free CSet: 0.1 ms]
   [Eden: 48.0M(48.0M)->0.0B(48.0M) Survivors: 3072.0K->3072.0K Heap: 182.2M(1024.0M)->134.2M(1024.0M)]
 [Times: user=0.01 sys=0.00, real=0.02 secs] 
2017-05-23T23:24:58.032+0800: 19068.195: [GC pause (G1 Evacuation Pause) (young), 0.0104043 secs]
   [Parallel Time: 8.5 ms, GC Workers: 1]
      [GC Worker Start (ms):  19068196.1]
      [Ext Root Scanning (ms):  3.0]
      [Update RS (ms):  0.8]
         [Processed Buffers:  6]
      [Scan RS (ms):  0.0]
      [Code Root Scanning (ms):  0.5]
      [Object Copy (ms):  4.1]
      [Termination (ms):  0.0]
         [Termination Attempts:  1]
      [GC Worker Other (ms):  0.0]
      [GC Worker Total (ms):  8.4]
      [GC Worker End (ms):  19068204.5]
   [Code Root Fixup: 0.1 ms]
   [Code Root Purge: 0.0 ms]
   [Clear CT: 0.0 ms]
   [Other: 1.8 ms]
      [Choose CSet: 0.0 ms]
      [Ref Proc: 0.3 ms]
      [Ref Enq: 0.0 ms]
      [Redirty Cards: 0.0 ms]
      [Humongous Register: 1.2 ms]
      [Humongous Reclaim: 0.0 ms]
      [Free CSet: 0.0 ms]
   [Eden: 48.0M(48.0M)->0.0B(48.0M) Survivors: 3072.0K->3072.0K Heap: 182.2M(1024.0M)->134.2M(1024.0M)]
 [Times: user=0.02 sys=0.00, real=0.01 secs] 
2017-05-24T00:21:23.033+0800: 22453.195: [GC pause (G1 Evacuation Pause) (young), 0.0094845 secs]
   [Parallel Time: 7.7 ms, GC Workers: 1]
      [GC Worker Start (ms):  22453196.1]
      [Ext Root Scanning (ms):  2.1]
      [Update RS (ms):  0.6]
         [Processed Buffers:  6]
      [Scan RS (ms):  0.0]
      [Code Root Scanning (ms):  0.4]
      [Object Copy (ms):  4.5]
      [Termination (ms):  0.0]
         [Termination Attempts:  1]
      [GC Worker Other (ms):  0.0]
      [GC Worker Total (ms):  7.7]
      [GC Worker End (ms):  22453203.8]
   [Code Root Fixup: 0.1 ms]
   [Code Root Purge: 0.0 ms]
   [Clear CT: 0.0 ms]
   [Other: 1.6 ms]
      [Choose CSet: 0.0 ms]
      [Ref Proc: 0.3 ms]
      [Ref Enq: 0.0 ms]
      [Redirty Cards: 0.0 ms]
      [Humongous Register: 1.0 ms]
      [Humongous Reclaim: 0.0 ms]
      [Free CSet: 0.1 ms]
   [Eden: 48.0M(48.0M)->0.0B(48.0M) Survivors: 3072.0K->3072.0K Heap: 182.2M(1024.0M)->134.2M(1024.0M)]
 [Times: user=0.01 sys=0.00, real=0.01 secs] 
2017-05-24T01:17:58.033+0800: 25848.196: [GC pause (G1 Evacuation Pause) (young), 0.0088454 secs]
   [Parallel Time: 7.0 ms, GC Workers: 1]
      [GC Worker Start (ms):  25848196.7]
      [Ext Root Scanning (ms):  2.2]
      [Update RS (ms):  0.6]
         [Processed Buffers:  6]
      [Scan RS (ms):  0.0]
      [Code Root Scanning (ms):  0.4]
      [Object Copy (ms):  3.8]
      [Termination (ms):  0.0]
         [Termination Attempts:  1]
      [GC Worker Other (ms):  0.0]
      [GC Worker Total (ms):  7.0]
      [GC Worker End (ms):  25848203.7]
   [Code Root Fixup: 0.1 ms]
   [Code Root Purge: 0.0 ms]
   [Clear CT: 0.0 ms]
   [Other: 1.7 ms]
      [Choose CSet: 0.0 ms]
      [Ref Proc: 0.3 ms]
      [Ref Enq: 0.0 ms]
      [Redirty Cards: 0.0 ms]
      [Humongous Register: 1.0 ms]
      [Humongous Reclaim: 0.0 ms]
      [Free CSet: 0.1 ms]
   [Eden: 48.0M(48.0M)->0.0B(48.0M) Survivors: 3072.0K->3072.0K Heap: 182.2M(1024.0M)->134.2M(1024.0M)]
 [Times: user=0.02 sys=0.00, real=0.03 secs] 
2017-05-24T02:14:28.033+0800: 29238.195: [GC pause (G1 Evacuation Pause) (young), 0.0084813 secs]
   [Parallel Time: 6.9 ms, GC Workers: 1]
      [GC Worker Start (ms):  29238195.9]
      [Ext Root Scanning (ms):  2.2]
      [Update RS (ms):  0.6]
         [Processed Buffers:  7]
      [Scan RS (ms):  0.0]
      [Code Root Scanning (ms):  0.5]
      [Object Copy (ms):  3.6]
      [Termination (ms):  0.0]
         [Termination Attempts:  1]
      [GC Worker Other (ms):  0.0]
      [GC Worker Total (ms):  6.8]
      [GC Worker End (ms):  29238202.8]
   [Code Root Fixup: 0.1 ms]
   [Code Root Purge: 0.0 ms]
   [Clear CT: 0.0 ms]
   [Other: 1.5 ms]
      [Choose CSet: 0.0 ms]
      [Ref Proc: 0.3 ms]
      [Ref Enq: 0.0 ms]
      [Redirty Cards: 0.0 ms]
      [Humongous Register: 0.9 ms]
      [Humongous Reclaim: 0.0 ms]
      [Free CSet: 0.1 ms]
   [Eden: 48.0M(48.0M)->0.0B(48.0M) Survivors: 3072.0K->3072.0K Heap: 182.2M(1024.0M)->134.2M(1024.0M)]
 [Times: user=0.02 sys=0.00, real=0.01 secs] 
2017-05-24T03:11:15.976+0800: 32646.138: [GC pause (G1 Evacuation Pause) (young), 0.0091988 secs]
   [Parallel Time: 7.5 ms, GC Workers: 1]
      [GC Worker Start (ms):  32646139.2]
      [Ext Root Scanning (ms):  2.0]
      [Update RS (ms):  0.7]
         [Processed Buffers:  6]
      [Scan RS (ms):  0.0]
      [Code Root Scanning (ms):  0.5]
      [Object Copy (ms):  4.3]
      [Termination (ms):  0.0]
         [Termination Attempts:  1]
      [GC Worker Other (ms):  0.0]
      [GC Worker Total (ms):  7.5]
      [GC Worker End (ms):  32646146.7]
   [Code Root Fixup: 0.1 ms]
   [Code Root Purge: 0.0 ms]
   [Clear CT: 0.0 ms]
   [Other: 1.5 ms]
      [Choose CSet: 0.0 ms]
      [Ref Proc: 0.3 ms]
      [Ref Enq: 0.0 ms]
      [Redirty Cards: 0.0 ms]
      [Humongous Register: 0.9 ms]
      [Humongous Reclaim: 0.0 ms]
      [Free CSet: 0.1 ms]
   [Eden: 48.0M(48.0M)->0.0B(48.0M) Survivors: 3072.0K->3072.0K Heap: 182.2M(1024.0M)->134.2M(1024.0M)]
 [Times: user=0.02 sys=0.00, real=0.01 secs] 
2017-05-24T04:08:13.073+0800: 36063.236: [GC pause (G1 Evacuation Pause) (young), 0.6348651 secs]
   [Parallel Time: 535.7 ms, GC Workers: 1]
      [GC Worker Start (ms):  36063330.5]
      [Ext Root Scanning (ms):  121.0]
      [Update RS (ms):  297.0]
         [Processed Buffers:  6]
      [Scan RS (ms):  0.0]
      [Code Root Scanning (ms):  24.5]
      [Object Copy (ms):  93.0]
      [Termination (ms):  0.0]
         [Termination Attempts:  1]
      [GC Worker Other (ms):  0.0]
      [GC Worker Total (ms):  535.6]
      [GC Worker End (ms):  36063866.1]
   [Code Root Fixup: 0.1 ms]
   [Code Root Purge: 0.0 ms]
   [Clear CT: 0.0 ms]
   [Other: 99.0 ms]
      [Choose CSet: 0.0 ms]
      [Ref Proc: 0.6 ms]
      [Ref Enq: 0.0 ms]
      [Redirty Cards: 0.0 ms]
      [Humongous Register: 94.5 ms]
      [Humongous Reclaim: 0.0 ms]
      [Free CSet: 3.5 ms]
   [Eden: 48.0M(48.0M)->0.0B(48.0M) Survivors: 3072.0K->3072.0K Heap: 182.2M(1024.0M)->134.2M(1024.0M)]
 [Times: user=0.50 sys=0.09, real=0.65 secs] 
2017-05-24T05:05:14.019+0800: 39484.181: [GC pause (G1 Evacuation Pause) (young), 0.0277465 secs]
   [Parallel Time: 25.6 ms, GC Workers: 1]
      [GC Worker Start (ms):  39484182.8]
      [Ext Root Scanning (ms):  2.5]
      [Update RS (ms):  0.7]
         [Processed Buffers:  6]
      [Scan RS (ms):  0.0]
      [Code Root Scanning (ms):  0.5]
      [Object Copy (ms):  21.8]
      [Termination (ms):  0.0]
         [Termination Attempts:  1]
      [GC Worker Other (ms):  0.0]
      [GC Worker Total (ms):  25.5]
      [GC Worker End (ms):  39484208.3]
   [Code Root Fixup: 0.1 ms]
   [Code Root Purge: 0.0 ms]
   [Clear CT: 0.0 ms]
   [Other: 2.0 ms]
      [Choose CSet: 0.0 ms]
      [Ref Proc: 0.4 ms]
      [Ref Enq: 0.0 ms]
      [Redirty Cards: 0.0 ms]
      [Humongous Register: 1.2 ms]
      [Humongous Reclaim: 0.0 ms]
      [Free CSet: 0.1 ms]
   [Eden: 48.0M(48.0M)->0.0B(48.0M) Survivors: 3072.0K->3072.0K Heap: 182.2M(1024.0M)->134.2M(1024.0M)]
 [Times: user=0.03 sys=0.00, real=0.03 secs] 
2017-05-24T06:02:14.267+0800: 42904.430: [GC pause (G1 Evacuation Pause) (young), 0.0108513 secs]
   [Parallel Time: 8.9 ms, GC Workers: 1]
      [GC Worker Start (ms):  42904431.2]
      [Ext Root Scanning (ms):  3.0]
      [Update RS (ms):  0.8]
         [Processed Buffers:  6]
      [Scan RS (ms):  0.0]
      [Code Root Scanning (ms):  0.7]
      [Object Copy (ms):  4.3]
      [Termination (ms):  0.0]
         [Termination Attempts:  1]
      [GC Worker Other (ms):  0.0]
      [GC Worker Total (ms):  8.8]
      [GC Worker End (ms):  42904440.0]
   [Code Root Fixup: 0.1 ms]
   [Code Root Purge: 0.0 ms]
   [Clear CT: 0.0 ms]
   [Other: 1.9 ms]
      [Choose CSet: 0.0 ms]
      [Ref Proc: 0.3 ms]
      [Ref Enq: 0.0 ms]
      [Redirty Cards: 0.0 ms]
      [Humongous Register: 1.2 ms]
      [Humongous Reclaim: 0.0 ms]
      [Free CSet: 0.1 ms]
   [Eden: 48.0M(48.0M)->0.0B(48.0M) Survivors: 3072.0K->3072.0K Heap: 182.2M(1024.0M)->134.2M(1024.0M)]
 [Times: user=0.02 sys=0.00, real=0.01 secs] 
2017-05-24T06:59:23.033+0800: 46333.195: [GC pause (G1 Evacuation Pause) (young), 0.0228847 secs]
   [Parallel Time: 21.2 ms, GC Workers: 1]
      [GC Worker Start (ms):  46333195.9]
      [Ext Root Scanning (ms):  11.4]
      [Update RS (ms):  0.6]
         [Processed Buffers:  6]
      [Scan RS (ms):  0.0]
      [Code Root Scanning (ms):  0.6]
      [Object Copy (ms):  8.6]
      [Termination (ms):  0.0]
         [Termination Attempts:  1]
      [GC Worker Other (ms):  0.0]
      [GC Worker Total (ms):  21.2]
      [GC Worker End (ms):  46333217.1]
   [Code Root Fixup: 0.1 ms]
   [Code Root Purge: 0.0 ms]
   [Clear CT: 0.0 ms]
   [Other: 1.5 ms]
      [Choose CSet: 0.0 ms]
      [Ref Proc: 0.4 ms]
      [Ref Enq: 0.0 ms]
      [Redirty Cards: 0.0 ms]
      [Humongous Register: 0.8 ms]
      [Humongous Reclaim: 0.0 ms]
      [Free CSet: 0.1 ms]
   [Eden: 48.0M(48.0M)->0.0B(49.0M) Survivors: 3072.0K->2048.0K Heap: 182.2M(1024.0M)->134.2M(1024.0M)]
 [Times: user=0.04 sys=0.00, real=0.02 secs] 
2017-05-24T07:57:41.919+0800: 49832.081: [GC pause (G1 Evacuation Pause) (young), 0.0279599 secs]
   [Parallel Time: 26.2 ms, GC Workers: 1]
      [GC Worker Start (ms):  49832082.0]
      [Ext Root Scanning (ms):  21.0]
      [Update RS (ms):  1.8]
         [Processed Buffers:  10]
      [Scan RS (ms):  0.0]
      [Code Root Scanning (ms):  0.5]
      [Object Copy (ms):  2.8]
      [Termination (ms):  0.0]
         [Termination Attempts:  1]
      [GC Worker Other (ms):  0.0]
      [GC Worker Total (ms):  26.2]
      [GC Worker End (ms):  49832108.2]
   [Code Root Fixup: 0.1 ms]
   [Code Root Purge: 0.0 ms]
   [Clear CT: 0.1 ms]
   [Other: 1.5 ms]
      [Choose CSet: 0.0 ms]
      [Ref Proc: 0.4 ms]
      [Ref Enq: 0.0 ms]
      [Redirty Cards: 0.0 ms]
      [Humongous Register: 0.7 ms]
      [Humongous Reclaim: 0.0 ms]
      [Free CSet: 0.1 ms]
   [Eden: 49.0M(49.0M)->0.0B(50.0M) Survivors: 2048.0K->1024.0K Heap: 183.2M(1024.0M)->134.5M(1024.0M)]
 [Times: user=0.01 sys=0.00, real=0.03 secs] 
2017-05-24T08:50:40.483+0800: 53010.646: [GC pause (G1 Evacuation Pause) (young), 0.2662286 secs]
   [Parallel Time: 152.3 ms, GC Workers: 1]
      [GC Worker Start (ms):  53010758.8]
      [Ext Root Scanning (ms):  50.8]
      [Update RS (ms):  10.3]
         [Processed Buffers:  21]
      [Scan RS (ms):  0.0]
      [Code Root Scanning (ms):  0.3]
      [Object Copy (ms):  90.8]
      [Termination (ms):  0.0]
         [Termination Attempts:  1]
      [GC Worker Other (ms):  0.0]
      [GC Worker Total (ms):  152.2]
      [GC Worker End (ms):  53010911.1]
   [Code Root Fixup: 0.1 ms]
   [Code Root Purge: 0.0 ms]
   [Clear CT: 0.0 ms]
   [Other: 113.8 ms]
      [Choose CSet: 0.0 ms]
      [Ref Proc: 0.4 ms]
      [Ref Enq: 0.0 ms]
      [Redirty Cards: 0.0 ms]
      [Humongous Register: 105.3 ms]
      [Humongous Reclaim: 0.0 ms]
      [Free CSet: 0.1 ms]
   [Eden: 50.0M(50.0M)->0.0B(50.0M) Survivors: 1024.0K->1024.0K Heap: 184.5M(1024.0M)->134.6M(1024.0M)]
 [Times: user=0.23 sys=0.00, real=0.27 secs] 
Heap
 garbage-first heap   total 1048576K, used 179856K [0x00000000c0000000, 0x00000000c0102000, 0x0000000100000000)
  region size 1024K, 43 young (44032K), 1 survivors (1024K)
 Metaspace       used 22957K, capacity 23144K, committed 23424K, reserved 1069056K
  class space    used 3280K, capacity 3362K, committed 3456K, reserved 1048576K
