Java HotSpot(TM) 64-Bit Server VM (25.121-b13) for linux-amd64 JRE (1.8.0_121-b13), built on Dec 12 2016 16:36:53 by "java_re" with gcc 4.3.0 20080428 (Red Hat 4.3.0-8)
Memory: 4k page, physical 1004608k(340920k free), swap 4095992k(3880448k free)
CommandLine flags: -XX:+DisableExplicitGC -XX:InitialHeapSize=536870912 -XX:InitiatingHeapOccupancyPercent=35 -XX:+ManagementServer -XX:MaxGCPauseMillis=20 -XX:MaxHeapSize=536870912 -XX:+PrintGC -XX:+PrintGCDateStamps -XX:+PrintGCDetails -XX:+PrintGCTimeStamps -XX:+UseCompressedClassPointers -XX:+UseCompressedOops -XX:+UseG1GC 
2017-05-23T18:37:15.231+0800: 1814.735: [GC pause (G1 Evacuation Pause) (young), 0.1877202 secs]
   [Parallel Time: 102.9 ms, GC Workers: 1]
      [GC Worker Start (ms):  1814813.2]
      [Ext Root Scanning (ms):  46.0]
      [Update RS (ms):  0.4]
         [Processed Buffers:  0]
      [Scan RS (ms):  0.0]
      [Code Root Scanning (ms):  7.8]
      [Object Copy (ms):  27.1]
      [Termination (ms):  0.0]
         [Termination Attempts:  1]
      [GC Worker Other (ms):  0.0]
      [GC Worker Total (ms):  81.4]
      [GC Worker End (ms):  1814894.5]
   [Code Root Fixup: 0.2 ms]
   [Code Root Purge: 0.1 ms]
   [Clear CT: 0.1 ms]
   [Other: 84.5 ms]
      [Choose CSet: 0.0 ms]
      [Ref Proc: 1.6 ms]
      [Ref Enq: 0.0 ms]
      [Redirty Cards: 0.0 ms]
      [Humongous Register: 27.7 ms]
      [Humongous Reclaim: 0.0 ms]
      [Free CSet: 1.3 ms]
   [Eden: 25.0M(25.0M)->0.0B(21.0M) Survivors: 0.0B->4096.0K Heap: 25.0M(512.0M)->3492.9K(512.0M)]
 [Times: user=0.01 sys=0.02, real=0.20 secs] 
2017-05-23T22:35:10.257+0800: 16089.761: [GC pause (G1 Evacuation Pause) (young), 0.0480192 secs]
   [Parallel Time: 38.5 ms, GC Workers: 1]
      [GC Worker Start (ms):  16089763.9]
      [Ext Root Scanning (ms):  13.7]
      [Update RS (ms):  0.0]
         [Processed Buffers:  0]
      [Scan RS (ms):  0.0]
      [Code Root Scanning (ms):  2.9]
      [Object Copy (ms):  21.7]
      [Termination (ms):  0.0]
         [Termination Attempts:  1]
      [GC Worker Other (ms):  0.0]
      [GC Worker Total (ms):  38.4]
      [GC Worker End (ms):  16089802.3]
   [Code Root Fixup: 0.2 ms]
   [Code Root Purge: 0.0 ms]
   [Clear CT: 0.0 ms]
   [Other: 9.3 ms]
      [Choose CSet: 0.0 ms]
      [Ref Proc: 0.1 ms]
      [Ref Enq: 0.0 ms]
      [Redirty Cards: 0.0 ms]
      [Humongous Register: 2.6 ms]
      [Humongous Reclaim: 0.0 ms]
      [Free CSet: 6.3 ms]
   [Eden: 21.0M(21.0M)->0.0B(24.0M) Survivors: 4096.0K->1024.0K Heap: 24.4M(512.0M)->2660.5K(512.0M)]
 [Times: user=0.00 sys=0.03, real=0.07 secs] 
2017-05-24T03:13:08.215+0800: 32767.719: [GC pause (G1 Evacuation Pause) (young), 0.0165448 secs]
   [Parallel Time: 13.9 ms, GC Workers: 1]
      [GC Worker Start (ms):  32767721.9]
      [Ext Root Scanning (ms):  2.9]
      [Update RS (ms):  0.4]
         [Processed Buffers:  5]
      [Scan RS (ms):  10.4]
      [Code Root Scanning (ms):  0.0]
      [Object Copy (ms):  0.1]
      [Termination (ms):  0.0]
         [Termination Attempts:  1]
      [GC Worker Other (ms):  0.0]
      [GC Worker Total (ms):  13.9]
      [GC Worker End (ms):  32767735.7]
   [Code Root Fixup: 0.0 ms]
   [Code Root Purge: 0.0 ms]
   [Clear CT: 0.0 ms]
   [Other: 2.6 ms]
      [Choose CSet: 0.0 ms]
      [Ref Proc: 0.0 ms]
      [Ref Enq: 0.0 ms]
      [Redirty Cards: 0.0 ms]
      [Humongous Register: 2.3 ms]
      [Humongous Reclaim: 0.0 ms]
      [Free CSet: 0.1 ms]
   [Eden: 24.0M(24.0M)->0.0B(24.0M) Survivors: 1024.0K->1024.0K Heap: 26.6M(512.0M)->2660.5K(512.0M)]
 [Times: user=0.01 sys=0.00, real=0.04 secs] 
2017-05-24T07:51:14.488+0800: 49453.993: [GC pause (G1 Evacuation Pause) (young), 0.0842827 secs]
   [Parallel Time: 30.3 ms, GC Workers: 1]
      [GC Worker Start (ms):  49454046.2]
      [Ext Root Scanning (ms):  29.9]
      [Update RS (ms):  0.1]
         [Processed Buffers:  3]
      [Scan RS (ms):  0.0]
      [Code Root Scanning (ms):  0.0]
      [Object Copy (ms):  0.1]
      [Termination (ms):  0.0]
         [Termination Attempts:  1]
      [GC Worker Other (ms):  0.0]
      [GC Worker Total (ms):  30.2]
      [GC Worker End (ms):  49454076.5]
   [Code Root Fixup: 0.0 ms]
   [Code Root Purge: 0.0 ms]
   [Clear CT: 0.1 ms]
   [Other: 53.9 ms]
      [Choose CSet: 0.0 ms]
      [Ref Proc: 0.0 ms]
      [Ref Enq: 0.0 ms]
      [Redirty Cards: 0.0 ms]
      [Humongous Register: 44.3 ms]
      [Humongous Reclaim: 0.0 ms]
      [Free CSet: 0.1 ms]
   [Eden: 24.0M(24.0M)->0.0B(24.0M) Survivors: 1024.0K->1024.0K Heap: 26.6M(512.0M)->2340.5K(512.0M)]
 [Times: user=0.07 sys=0.01, real=0.09 secs] 
Heap
 garbage-first heap   total 524288K, used 17700K [0x00000000e0000000, 0x00000000e0101000, 0x0000000100000000)
  region size 1024K, 17 young (17408K), 1 survivors (1024K)
 Metaspace       used 10716K, capacity 10888K, committed 11136K, reserved 1058816K
  class space    used 1214K, capacity 1282K, committed 1408K, reserved 1048576K
